
> frontend@0.0.0 build
> vite build

[36mvite v8.0.1 [32mbuilding client environment for production...[36m[39m
[2K
transforming...Ôťô 77 modules transformed.
rendering chunks...
computing gzip size...
dist/index.html                   0.82 kB Ôöé gzip:   0.49 kB
dist/assets/index-BTBLaOqz.css   68.81 kB Ôöé gzip:   9.32 kB
dist/assets/index-CwOO3mXE.js   710.47 kB Ôöé gzip: 196.66 kB

[32mÔťô built in 280ms[39m
[plugin builtin:vite-reporter] 
(!) Some chunks are larger than 500 kB after minification. Consider:
- Using dynamic import() to code-split the application
- Use build.rolldownOptions.output.codeSplitting to improve chunking: https://rolldown.rs/reference/OutputOptions.codeSplitting
- Adjust chunk size limit for this warning via build.chunkSizeWarningLimit.
